------------------------------------------------------------
Timing Analyzer Summary
------------------------------------------------------------

Type  : Slow 1200mV 85C Model Setup 'clk_div:U_CLK_DIV|temp_clk'
Slack : -20.563
TNS   : -343.960

Type  : Slow 1200mV 85C Model Setup 'vga:U_VGA|clk_div:clk_div|temp_clk'
Slack : -10.811
TNS   : -1958.052

Type  : Slow 1200mV 85C Model Setup 'clk50MHz'
Slack : -0.699
TNS   : -0.699

Type  : Slow 1200mV 85C Model Hold 'vga:U_VGA|clk_div:clk_div|temp_clk'
Slack : 0.326
TNS   : 0.000

Type  : Slow 1200mV 85C Model Hold 'clk_div:U_CLK_DIV|temp_clk'
Slack : 0.539
TNS   : 0.000

Type  : Slow 1200mV 85C Model Hold 'clk50MHz'
Slack : 0.639
TNS   : 0.000

Type  : Slow 1200mV 85C Model Minimum Pulse Width 'clk50MHz'
Slack : -3.000
TNS   : -4.222

Type  : Slow 1200mV 85C Model Minimum Pulse Width 'vga:U_VGA|clk_div:clk_div|temp_clk'
Slack : -1.222
TNS   : -307.944

Type  : Slow 1200mV 85C Model Minimum Pulse Width 'clk_div:U_CLK_DIV|temp_clk'
Slack : -1.222
TNS   : -63.544

Type  : Slow 1200mV 0C Model Setup 'clk_div:U_CLK_DIV|temp_clk'
Slack : -18.556
TNS   : -307.614

Type  : Slow 1200mV 0C Model Setup 'vga:U_VGA|clk_div:clk_div|temp_clk'
Slack : -9.740
TNS   : -1757.301

Type  : Slow 1200mV 0C Model Setup 'clk50MHz'
Slack : -0.572
TNS   : -0.572

Type  : Slow 1200mV 0C Model Hold 'vga:U_VGA|clk_div:clk_div|temp_clk'
Slack : 0.296
TNS   : 0.000

Type  : Slow 1200mV 0C Model Hold 'clk_div:U_CLK_DIV|temp_clk'
Slack : 0.499
TNS   : 0.000

Type  : Slow 1200mV 0C Model Hold 'clk50MHz'
Slack : 0.546
TNS   : 0.000

Type  : Slow 1200mV 0C Model Minimum Pulse Width 'clk50MHz'
Slack : -3.000
TNS   : -4.222

Type  : Slow 1200mV 0C Model Minimum Pulse Width 'vga:U_VGA|clk_div:clk_div|temp_clk'
Slack : -1.222
TNS   : -307.944

Type  : Slow 1200mV 0C Model Minimum Pulse Width 'clk_div:U_CLK_DIV|temp_clk'
Slack : -1.222
TNS   : -63.544

Type  : Fast 1200mV 0C Model Setup 'clk_div:U_CLK_DIV|temp_clk'
Slack : -9.307
TNS   : -139.105

Type  : Fast 1200mV 0C Model Setup 'vga:U_VGA|clk_div:clk_div|temp_clk'
Slack : -4.685
TNS   : -817.391

Type  : Fast 1200mV 0C Model Setup 'clk50MHz'
Slack : -0.082
TNS   : -0.082

Type  : Fast 1200mV 0C Model Hold 'vga:U_VGA|clk_div:clk_div|temp_clk'
Slack : 0.150
TNS   : 0.000

Type  : Fast 1200mV 0C Model Hold 'clk_div:U_CLK_DIV|temp_clk'
Slack : 0.244
TNS   : 0.000

Type  : Fast 1200mV 0C Model Hold 'clk50MHz'
Slack : 0.300
TNS   : 0.000

Type  : Fast 1200mV 0C Model Minimum Pulse Width 'clk50MHz'
Slack : -3.000
TNS   : -4.009

Type  : Fast 1200mV 0C Model Minimum Pulse Width 'vga:U_VGA|clk_div:clk_div|temp_clk'
Slack : -1.000
TNS   : -252.000

Type  : Fast 1200mV 0C Model Minimum Pulse Width 'clk_div:U_CLK_DIV|temp_clk'
Slack : -1.000
TNS   : -52.000

------------------------------------------------------------
