Analysis & Synthesis report for pong
Tue Apr  9 16:54:34 2024
Quartus Prime Version 22.1std.0 Build 915 10/25/2022 SC Lite Edition


---------------------
; Table of Contents ;
---------------------
  1. Legal Notice
  2. Analysis & Synthesis Summary
  3. Analysis & Synthesis Settings
  4. Parallel Compilation
  5. Analysis & Synthesis Source Files Read
  6. Analysis & Synthesis Resource Usage Summary
  7. Analysis & Synthesis Resource Utilization by Entity
  8. Registers Removed During Synthesis
  9. Removed Registers Triggering Further Register Optimizations
 10. General Register Statistics
 11. Inverted Register Statistics
 12. Multiplexer Restructuring Statistics (Restructuring Performed)
 13. Parameter Settings for User Entity Instance: vga:U_VGA|clk_div:clk_div
 14. Parameter Settings for User Entity Instance: clk_div:U_CLK_DIV
 15. Port Connectivity Checks: "decoder7seg:U_LED0"
 16. Port Connectivity Checks: "decoder7seg:U_LED1"
 17. Port Connectivity Checks: "decoder7seg:U_LED2"
 18. Port Connectivity Checks: "decoder7seg:U_LED3"
 19. Port Connectivity Checks: "decoder7seg:U_LED4"
 20. Port Connectivity Checks: "decoder7seg:U_LED5"
 21. Port Connectivity Checks: "vga:U_VGA"
 22. Post-Synthesis Netlist Statistics for Top Partition
 23. Elapsed Time Per Partition
 24. Analysis & Synthesis Messages



----------------
; Legal Notice ;
----------------
Copyright (C) 2022  Intel Corporation. All rights reserved.
Your use of Intel Corporation's design tools, logic functions 
and other software and tools, and any partner logic 
functions, and any output files from any of the foregoing 
(including device programming or simulation files), and any 
associated documentation or information are expressly subject 
to the terms and conditions of the Intel Program License 
Subscription Agreement, the Intel Quartus Prime License Agreement,
the Intel FPGA IP License Agreement, or other applicable license
agreement, including, without limitation, that your use is for
the sole purpose of programming logic devices manufactured by
Intel and sold by Intel or its authorized distributors.  Please
refer to the applicable agreement for further details, at
https://fpgasoftware.intel.com/eula.



+-------------------------------------------------------------------------------------+
; Analysis & Synthesis Summary                                                        ;
+------------------------------------+------------------------------------------------+
; Analysis & Synthesis Status        ; Successful - Tue Apr  9 16:54:34 2024          ;
; Quartus Prime Version              ; 22.1std.0 Build 915 10/25/2022 SC Lite Edition ;
; Revision Name                      ; pong                                           ;
; Top-level Entity Name              ; top_level                                      ;
; Family                             ; MAX 10                                         ;
; Total logic elements               ; 502                                            ;
;     Total combinational functions  ; 492                                            ;
;     Dedicated logic registers      ; 150                                            ;
; Total registers                    ; 150                                            ;
; Total pins                         ; 75                                             ;
; Total virtual pins                 ; 0                                              ;
; Total memory bits                  ; 0                                              ;
; Embedded Multiplier 9-bit elements ; 0                                              ;
; Total PLLs                         ; 0                                              ;
; UFM blocks                         ; 0                                              ;
; ADC blocks                         ; 0                                              ;
+------------------------------------+------------------------------------------------+


+------------------------------------------------------------------------------------------------------------+
; Analysis & Synthesis Settings                                                                              ;
+------------------------------------------------------------------+--------------------+--------------------+
; Option                                                           ; Setting            ; Default Value      ;
+------------------------------------------------------------------+--------------------+--------------------+
; Device                                                           ; 10M50DAF484C6GES   ;                    ;
; Top-level entity name                                            ; top_level          ; pong               ;
; Family name                                                      ; MAX 10             ; Cyclone V          ;
; Use smart compilation                                            ; Off                ; Off                ;
; Enable parallel Assembler and Timing Analyzer during compilation ; On                 ; On                 ;
; Enable compact report table                                      ; Off                ; Off                ;
; Restructure Multiplexers                                         ; Auto               ; Auto               ;
; Create Debugging Nodes for IP Cores                              ; Off                ; Off                ;
; Preserve fewer node names                                        ; On                 ; On                 ;
; Intel FPGA IP Evaluation Mode                                    ; Enable             ; Enable             ;
; Verilog Version                                                  ; Verilog_2001       ; Verilog_2001       ;
; VHDL Version                                                     ; VHDL_1993          ; VHDL_1993          ;
; State Machine Processing                                         ; Auto               ; Auto               ;
; Safe State Machine                                               ; Off                ; Off                ;
; Extract Verilog State Machines                                   ; On                 ; On                 ;
; Extract VHDL State Machines                                      ; On                 ; On                 ;
; Ignore Verilog initial constructs                                ; Off                ; Off                ;
; Iteration limit for constant Verilog loops                       ; 5000               ; 5000               ;
; Iteration limit for non-constant Verilog loops                   ; 250                ; 250                ;
; Add Pass-Through Logic to Inferred RAMs                          ; On                 ; On                 ;
; Infer RAMs from Raw Logic                                        ; On                 ; On                 ;
; Parallel Synthesis                                               ; On                 ; On                 ;
; DSP Block Balancing                                              ; Auto               ; Auto               ;
; NOT Gate Push-Back                                               ; On                 ; On                 ;
; Power-Up Don't Care                                              ; On                 ; On                 ;
; Remove Redundant Logic Cells                                     ; Off                ; Off                ;
; Remove Duplicate Registers                                       ; On                 ; On                 ;
; Ignore CARRY Buffers                                             ; Off                ; Off                ;
; Ignore CASCADE Buffers                                           ; Off                ; Off                ;
; Ignore GLOBAL Buffers                                            ; Off                ; Off                ;
; Ignore ROW GLOBAL Buffers                                        ; Off                ; Off                ;
; Ignore LCELL Buffers                                             ; Off                ; Off                ;
; Ignore SOFT Buffers                                              ; On                 ; On                 ;
; Limit AHDL Integers to 32 Bits                                   ; Off                ; Off                ;
; Optimization Technique                                           ; Balanced           ; Balanced           ;
; Carry Chain Length                                               ; 70                 ; 70                 ;
; Auto Carry Chains                                                ; On                 ; On                 ;
; Auto Open-Drain Pins                                             ; On                 ; On                 ;
; Perform WYSIWYG Primitive Resynthesis                            ; Off                ; Off                ;
; Auto ROM Replacement                                             ; On                 ; On                 ;
; Auto RAM Replacement                                             ; On                 ; On                 ;
; Auto DSP Block Replacement                                       ; On                 ; On                 ;
; Auto Shift Register Replacement                                  ; Auto               ; Auto               ;
; Allow Shift Register Merging across Hierarchies                  ; Auto               ; Auto               ;
; Auto Clock Enable Replacement                                    ; On                 ; On                 ;
; Strict RAM Replacement                                           ; Off                ; Off                ;
; Allow Synchronous Control Signals                                ; On                 ; On                 ;
; Force Use of Synchronous Clear Signals                           ; Off                ; Off                ;
; Auto RAM Block Balancing                                         ; On                 ; On                 ;
; Auto RAM to Logic Cell Conversion                                ; Off                ; Off                ;
; Auto Resource Sharing                                            ; Off                ; Off                ;
; Allow Any RAM Size For Recognition                               ; Off                ; Off                ;
; Allow Any ROM Size For Recognition                               ; Off                ; Off                ;
; Allow Any Shift Register Size For Recognition                    ; Off                ; Off                ;
; Use LogicLock Constraints during Resource Balancing              ; On                 ; On                 ;
; Ignore translate_off and synthesis_off directives                ; Off                ; Off                ;
; Timing-Driven Synthesis                                          ; On                 ; On                 ;
; Report Parameter Settings                                        ; On                 ; On                 ;
; Report Source Assignments                                        ; On                 ; On                 ;
; Report Connectivity Checks                                       ; On                 ; On                 ;
; Ignore Maximum Fan-Out Assignments                               ; Off                ; Off                ;
; Synchronization Register Chain Length                            ; 2                  ; 2                  ;
; Power Optimization During Synthesis                              ; Normal compilation ; Normal compilation ;
; HDL message level                                                ; Level2             ; Level2             ;
; Suppress Register Optimization Related Messages                  ; Off                ; Off                ;
; Number of Removed Registers Reported in Synthesis Report         ; 5000               ; 5000               ;
; Number of Swept Nodes Reported in Synthesis Report               ; 5000               ; 5000               ;
; Number of Inverted Registers Reported in Synthesis Report        ; 100                ; 100                ;
; Clock MUX Protection                                             ; On                 ; On                 ;
; Auto Gated Clock Conversion                                      ; Off                ; Off                ;
; Block Design Naming                                              ; Auto               ; Auto               ;
; SDC constraint protection                                        ; Off                ; Off                ;
; Synthesis Effort                                                 ; Auto               ; Auto               ;
; Shift Register Replacement - Allow Asynchronous Clear Signal     ; On                 ; On                 ;
; Pre-Mapping Resynthesis Optimization                             ; Off                ; Off                ;
; Analysis & Synthesis Message Level                               ; Medium             ; Medium             ;
; Disable Register Merging Across Hierarchies                      ; Auto               ; Auto               ;
; Resource Aware Inference For Block RAM                           ; On                 ; On                 ;
+------------------------------------------------------------------+--------------------+--------------------+


+------------------------------------------+
; Parallel Compilation                     ;
+----------------------------+-------------+
; Processors                 ; Number      ;
+----------------------------+-------------+
; Number detected on machine ; 12          ;
; Maximum allowed            ; 6           ;
;                            ;             ;
; Average used               ; 1.00        ;
; Maximum used               ; 6           ;
;                            ;             ;
; Usage by Processor         ; % Time Used ;
;     Processor 1            ; 100.0%      ;
;     Processors 2-6         ;   0.0%      ;
+----------------------------+-------------+


+---------------------------------------------------------------------------------------------------------------------------------------------------------+
; Analysis & Synthesis Source Files Read                                                                                                                  ;
+----------------------------------+-----------------+-----------------+------------------------------------------------------------------------+---------+
; File Name with User-Entered Path ; Used in Netlist ; File Type       ; File Name with Absolute Path                                           ; Library ;
+----------------------------------+-----------------+-----------------+------------------------------------------------------------------------+---------+
; decoder7seg.vhd                  ; yes             ; User VHDL File  ; C:/Users/cole/OneDrive/Documents/Sping24/dd/lab5/pong/decoder7seg.vhd  ;         ;
; clk_div.vhd                      ; yes             ; User VHDL File  ; C:/Users/cole/OneDrive/Documents/Sping24/dd/lab5/pong/clk_div.vhd      ;         ;
; vga_sync_gen.vhd                 ; yes             ; User VHDL File  ; C:/Users/cole/OneDrive/Documents/Sping24/dd/lab5/pong/vga_sync_gen.vhd ;         ;
; vga_lib.vhd                      ; yes             ; User VHDL File  ; C:/Users/cole/OneDrive/Documents/Sping24/dd/lab5/pong/vga_lib.vhd      ;         ;
; vga.vhd                          ; yes             ; User VHDL File  ; C:/Users/cole/OneDrive/Documents/Sping24/dd/lab5/pong/vga.vhd          ;         ;
; top_level.vhd                    ; yes             ; User VHDL File  ; C:/Users/cole/OneDrive/Documents/Sping24/dd/lab5/pong/top_level.vhd    ;         ;
+----------------------------------+-----------------+-----------------+------------------------------------------------------------------------+---------+


+-----------------------------------------------------------------+
; Analysis & Synthesis Resource Usage Summary                     ;
+---------------------------------------------+-------------------+
; Resource                                    ; Usage             ;
+---------------------------------------------+-------------------+
; Estimated Total logic elements              ; 502               ;
;                                             ;                   ;
; Total combinational functions               ; 492               ;
; Logic element usage by number of LUT inputs ;                   ;
;     -- 4 input functions                    ; 119               ;
;     -- 3 input functions                    ; 118               ;
;     -- <=2 input functions                  ; 255               ;
;                                             ;                   ;
; Logic elements by mode                      ;                   ;
;     -- normal mode                          ; 226               ;
;     -- arithmetic mode                      ; 266               ;
;                                             ;                   ;
; Total registers                             ; 150               ;
;     -- Dedicated logic registers            ; 150               ;
;     -- I/O registers                        ; 0                 ;
;                                             ;                   ;
; I/O pins                                    ; 75                ;
;                                             ;                   ;
; Embedded Multiplier 9-bit elements          ; 0                 ;
;                                             ;                   ;
; Maximum fan-out node                        ; button_n[0]~input ;
; Maximum fan-out                             ; 131               ;
; Total fan-out                               ; 1824              ;
; Average fan-out                             ; 2.30              ;
+---------------------------------------------+-------------------+


+--------------------------------------------------------------------------------------------------------------------------------------------------------------------------------------------------------------------------------------------------------+
; Analysis & Synthesis Resource Utilization by Entity                                                                                                                                                                                                    ;
+----------------------------+---------------------+---------------------------+-------------+------------+--------------+---------+-----------+------+--------------+------------+----------------------------------------+--------------+--------------+
; Compilation Hierarchy Node ; Combinational ALUTs ; Dedicated Logic Registers ; Memory Bits ; UFM Blocks ; DSP Elements ; DSP 9x9 ; DSP 18x18 ; Pins ; Virtual Pins ; ADC blocks ; Full Hierarchy Name                    ; Entity Name  ; Library Name ;
+----------------------------+---------------------+---------------------------+-------------+------------+--------------+---------+-----------+------+--------------+------------+----------------------------------------+--------------+--------------+
; |top_level                 ; 492 (0)             ; 150 (0)                   ; 0           ; 0          ; 0            ; 0       ; 0         ; 75   ; 0            ; 0          ; |top_level                             ; top_level    ; work         ;
;    |clk_div:U_CLK_DIV|     ; 1 (1)               ; 1 (1)                     ; 0           ; 0          ; 0            ; 0       ; 0         ; 0    ; 0            ; 0          ; |top_level|clk_div:U_CLK_DIV           ; clk_div      ; work         ;
;    |vga:U_VGA|             ; 491 (407)           ; 149 (107)                 ; 0           ; 0          ; 0            ; 0       ; 0         ; 0    ; 0            ; 0          ; |top_level|vga:U_VGA                   ; vga          ; work         ;
;       |clk_div:clk_div|    ; 36 (36)             ; 22 (22)                   ; 0           ; 0          ; 0            ; 0       ; 0         ; 0    ; 0            ; 0          ; |top_level|vga:U_VGA|clk_div:clk_div   ; clk_div      ; work         ;
;       |vga_sync_gen:sync|  ; 48 (48)             ; 20 (20)                   ; 0           ; 0          ; 0            ; 0       ; 0         ; 0    ; 0            ; 0          ; |top_level|vga:U_VGA|vga_sync_gen:sync ; vga_sync_gen ; work         ;
+----------------------------+---------------------+---------------------------+-------------+------------+--------------+---------+-----------+------+--------------+------------+----------------------------------------+--------------+--------------+
Note: For table entries with two numbers listed, the numbers in parentheses indicate the number of resources of the given type used by the specific entity alone. The numbers listed outside of parentheses indicate the total resources of the given type used by the specific entity and all of its sub-entities in the hierarchy.


+---------------------------------------------------------------------------------+
; Registers Removed During Synthesis                                              ;
+----------------------------------------+----------------------------------------+
; Register name                          ; Reason for Removal                     ;
+----------------------------------------+----------------------------------------+
; vga:U_VGA|y_pos_p1[0]                  ; Stuck at GND due to stuck port data_in ;
; vga:U_VGA|x_pos_p1[0..31]              ; Stuck at GND due to stuck port data_in ;
; vga:U_VGA|y_pos[0]                     ; Stuck at GND due to stuck port data_in ;
; vga:U_VGA|x_pos[0]                     ; Stuck at GND due to stuck port data_in ;
; clk_div:U_CLK_DIV|counter              ; Stuck at GND due to stuck port data_in ;
; vga:U_VGA|mov_y[0]                     ; Stuck at VCC due to stuck port data_in ;
; vga:U_VGA|mov_x[0]                     ; Stuck at VCC due to stuck port data_in ;
; vga:U_VGA|mov_y[31]                    ; Lost fanout                            ;
; vga:U_VGA|mov_x[31]                    ; Lost fanout                            ;
; vga:U_VGA|mov_x[1..9,11..30]           ; Merged with vga:U_VGA|mov_x[10]        ;
; vga:U_VGA|mov_y[1..9,11..30]           ; Merged with vga:U_VGA|mov_y[10]        ;
; Total Number of Removed Registers = 98 ;                                        ;
+----------------------------------------+----------------------------------------+


+-----------------------------------------------------------------------------------------+
; Removed Registers Triggering Further Register Optimizations                             ;
+--------------------+---------------------------+----------------------------------------+
; Register name      ; Reason for Removal        ; Registers Removed due to This Register ;
+--------------------+---------------------------+----------------------------------------+
; vga:U_VGA|y_pos[0] ; Stuck at GND              ; vga:U_VGA|mov_y[0]                     ;
;                    ; due to stuck port data_in ;                                        ;
; vga:U_VGA|x_pos[0] ; Stuck at GND              ; vga:U_VGA|mov_x[0]                     ;
;                    ; due to stuck port data_in ;                                        ;
+--------------------+---------------------------+----------------------------------------+


+------------------------------------------------------+
; General Register Statistics                          ;
+----------------------------------------------+-------+
; Statistic                                    ; Value ;
+----------------------------------------------+-------+
; Total registers                              ; 150   ;
; Number of registers using Synchronous Clear  ; 28    ;
; Number of registers using Synchronous Load   ; 0     ;
; Number of registers using Asynchronous Clear ; 23    ;
; Number of registers using Asynchronous Load  ; 0     ;
; Number of registers using Clock Enable       ; 53    ;
; Number of registers using Preset             ; 0     ;
+----------------------------------------------+-------+


+--------------------------------------------------+
; Inverted Register Statistics                     ;
+----------------------------------------+---------+
; Inverted Register                      ; Fan out ;
+----------------------------------------+---------+
; vga:U_VGA|y_pos_p1[7]                  ; 4       ;
; vga:U_VGA|y_pos_p1[6]                  ; 4       ;
; vga:U_VGA|y_pos_p1[3]                  ; 4       ;
; vga:U_VGA|x_pos[7]                     ; 4       ;
; vga:U_VGA|x_pos[6]                     ; 4       ;
; vga:U_VGA|x_pos[3]                     ; 5       ;
; vga:U_VGA|y_pos[7]                     ; 4       ;
; vga:U_VGA|y_pos[6]                     ; 4       ;
; vga:U_VGA|y_pos[3]                     ; 5       ;
; Total number of inverted registers = 9 ;         ;
+----------------------------------------+---------+


+------------------------------------------------------------------------------------------------------------------------------------------------+
; Multiplexer Restructuring Statistics (Restructuring Performed)                                                                                 ;
+--------------------+-----------+---------------+----------------------+------------------------+------------+----------------------------------+
; Multiplexer Inputs ; Bus Width ; Baseline Area ; Area if Restructured ; Saving if Restructured ; Registered ; Example Multiplexer Output       ;
+--------------------+-----------+---------------+----------------------+------------------------+------------+----------------------------------+
; 4:1                ; 28 bits   ; 56 LEs        ; 56 LEs               ; 0 LEs                  ; Yes        ; |top_level|vga:U_VGA|y_pos_p1[9] ;
; 4:1                ; 3 bits    ; 6 LEs         ; 6 LEs                ; 0 LEs                  ; Yes        ; |top_level|vga:U_VGA|y_pos_p1[6] ;
+--------------------+-----------+---------------+----------------------+------------------------+------------+----------------------------------+


+------------------------------------------------------------------------+
; Parameter Settings for User Entity Instance: vga:U_VGA|clk_div:clk_div ;
+----------------+----------+--------------------------------------------+
; Parameter Name ; Value    ; Type                                       ;
+----------------+----------+--------------------------------------------+
; clk_in_freq    ; 50000000 ; Signed Integer                             ;
; clk_out_freq   ; 20       ; Signed Integer                             ;
+----------------+----------+--------------------------------------------+
Note: In order to hide this table in the UI and the text report file, please set the "Show Parameter Settings in Synthesis Report" option in "Analysis and Synthesis Settings -> More Settings" to "Off".


+----------------------------------------------------------------+
; Parameter Settings for User Entity Instance: clk_div:U_CLK_DIV ;
+----------------+-------+---------------------------------------+
; Parameter Name ; Value ; Type                                  ;
+----------------+-------+---------------------------------------+
; clk_in_freq    ; 2     ; Signed Integer                        ;
; clk_out_freq   ; 1     ; Signed Integer                        ;
+----------------+-------+---------------------------------------+
Note: In order to hide this table in the UI and the text report file, please set the "Show Parameter Settings in Synthesis Report" option in "Analysis and Synthesis Settings -> More Settings" to "Off".


+------------------------------------------------+
; Port Connectivity Checks: "decoder7seg:U_LED0" ;
+-------+-------+----------+---------------------+
; Port  ; Type  ; Severity ; Details             ;
+-------+-------+----------+---------------------+
; input ; Input ; Info     ; Stuck at GND        ;
+-------+-------+----------+---------------------+


+------------------------------------------------+
; Port Connectivity Checks: "decoder7seg:U_LED1" ;
+-------+-------+----------+---------------------+
; Port  ; Type  ; Severity ; Details             ;
+-------+-------+----------+---------------------+
; input ; Input ; Info     ; Stuck at GND        ;
+-------+-------+----------+---------------------+


+------------------------------------------------+
; Port Connectivity Checks: "decoder7seg:U_LED2" ;
+-------+-------+----------+---------------------+
; Port  ; Type  ; Severity ; Details             ;
+-------+-------+----------+---------------------+
; input ; Input ; Info     ; Stuck at GND        ;
+-------+-------+----------+---------------------+


+------------------------------------------------+
; Port Connectivity Checks: "decoder7seg:U_LED3" ;
+-------+-------+----------+---------------------+
; Port  ; Type  ; Severity ; Details             ;
+-------+-------+----------+---------------------+
; input ; Input ; Info     ; Stuck at GND        ;
+-------+-------+----------+---------------------+


+------------------------------------------------+
; Port Connectivity Checks: "decoder7seg:U_LED4" ;
+-------+-------+----------+---------------------+
; Port  ; Type  ; Severity ; Details             ;
+-------+-------+----------+---------------------+
; input ; Input ; Info     ; Stuck at GND        ;
+-------+-------+----------+---------------------+


+------------------------------------------------+
; Port Connectivity Checks: "decoder7seg:U_LED5" ;
+-------+-------+----------+---------------------+
; Port  ; Type  ; Severity ; Details             ;
+-------+-------+----------+---------------------+
; input ; Input ; Info     ; Stuck at GND        ;
+-------+-------+----------+---------------------+


+--------------------------------------------------------------------------------------------------------------------+
; Port Connectivity Checks: "vga:U_VGA"                                                                              ;
+----------+--------+----------+-------------------------------------------------------------------------------------+
; Port     ; Type   ; Severity ; Details                                                                             ;
+----------+--------+----------+-------------------------------------------------------------------------------------+
; en       ; Input  ; Info     ; Stuck at VCC                                                                        ;
; img_pos  ; Input  ; Info     ; Stuck at GND                                                                        ;
; video_on ; Output ; Info     ; Connected to dangling logic. Logic that only feeds a dangling port will be removed. ;
+----------+--------+----------+-------------------------------------------------------------------------------------+


+-----------------------------------------------------+
; Post-Synthesis Netlist Statistics for Top Partition ;
+-----------------------+-----------------------------+
; Type                  ; Count                       ;
+-----------------------+-----------------------------+
; boundary_port         ; 75                          ;
; cycloneiii_ff         ; 150                         ;
;     CLR               ; 23                          ;
;     ENA               ; 25                          ;
;     ENA SCLR          ; 28                          ;
;     plain             ; 74                          ;
; cycloneiii_lcell_comb ; 494                         ;
;     arith             ; 266                         ;
;         2 data inputs ; 159                         ;
;         3 data inputs ; 107                         ;
;     normal            ; 228                         ;
;         0 data inputs ; 2                           ;
;         1 data inputs ; 9                           ;
;         2 data inputs ; 87                          ;
;         3 data inputs ; 11                          ;
;         4 data inputs ; 119                         ;
;                       ;                             ;
; Max LUT depth         ; 14.50                       ;
; Average LUT depth     ; 7.99                        ;
+-----------------------+-----------------------------+


+-------------------------------+
; Elapsed Time Per Partition    ;
+----------------+--------------+
; Partition Name ; Elapsed Time ;
+----------------+--------------+
; Top            ; 00:00:00     ;
+----------------+--------------+


+-------------------------------+
; Analysis & Synthesis Messages ;
+-------------------------------+
Info: *******************************************************************
Info: Running Quartus Prime Analysis & Synthesis
    Info: Version 22.1std.0 Build 915 10/25/2022 SC Lite Edition
    Info: Processing started: Tue Apr  9 16:54:25 2024
Info: Command: quartus_map --read_settings_files=on --write_settings_files=off pong -c pong
Warning (18236): Number of processors has not been specified which may cause overloading on shared machines.  Set the global assignment NUM_PARALLEL_PROCESSORS in your QSF to an appropriate value for best performance.
Info (20030): Parallel compilation is enabled and will use 6 of the 6 processors detected
Info (12021): Found 2 design units, including 1 entities, in source file decoder7seg.vhd
    Info (12022): Found design unit 1: decoder7seg-rtl File: C:/Users/cole/OneDrive/Documents/Sping24/dd/lab5/pong/decoder7seg.vhd Line: 11
    Info (12023): Found entity 1: decoder7seg File: C:/Users/cole/OneDrive/Documents/Sping24/dd/lab5/pong/decoder7seg.vhd Line: 4
Info (12021): Found 2 design units, including 1 entities, in source file clk_div.vhd
    Info (12022): Found design unit 1: clk_div-Behavioral File: C:/Users/cole/OneDrive/Documents/Sping24/dd/lab5/pong/clk_div.vhd Line: 21
    Info (12023): Found entity 1: clk_div File: C:/Users/cole/OneDrive/Documents/Sping24/dd/lab5/pong/clk_div.vhd Line: 9
Info (12021): Found 2 design units, including 1 entities, in source file vga_tb.vhd
    Info (12022): Found design unit 1: vga_tb-TB File: C:/Users/cole/OneDrive/Documents/Sping24/dd/lab5/pong/vga_tb.vhd Line: 12
    Info (12023): Found entity 1: vga_tb File: C:/Users/cole/OneDrive/Documents/Sping24/dd/lab5/pong/vga_tb.vhd Line: 9
Info (12021): Found 2 design units, including 1 entities, in source file vga_sync_gen.vhd
    Info (12022): Found design unit 1: vga_sync_gen-bhv File: C:/Users/cole/OneDrive/Documents/Sping24/dd/lab5/pong/vga_sync_gen.vhd Line: 18
    Info (12023): Found entity 1: vga_sync_gen File: C:/Users/cole/OneDrive/Documents/Sping24/dd/lab5/pong/vga_sync_gen.vhd Line: 6
Info (12021): Found 1 design units, including 0 entities, in source file vga_lib.vhd
    Info (12022): Found design unit 1: VGA_LIB File: C:/Users/cole/OneDrive/Documents/Sping24/dd/lab5/pong/vga_lib.vhd Line: 7
Info (12021): Found 2 design units, including 1 entities, in source file vga_basic_tb.vhd
    Info (12022): Found design unit 1: vga_basic_tb-TB File: C:/Users/cole/OneDrive/Documents/Sping24/dd/lab5/pong/vga_basic_tb.vhd Line: 12
    Info (12023): Found entity 1: vga_basic_tb File: C:/Users/cole/OneDrive/Documents/Sping24/dd/lab5/pong/vga_basic_tb.vhd Line: 9
Info (12021): Found 2 design units, including 1 entities, in source file vga.vhd
    Info (12022): Found design unit 1: vga-default_arch File: C:/Users/cole/OneDrive/Documents/Sping24/dd/lab5/pong/vga.vhd Line: 68
    Info (12023): Found entity 1: vga File: C:/Users/cole/OneDrive/Documents/Sping24/dd/lab5/pong/vga.vhd Line: 57
Info (12021): Found 2 design units, including 1 entities, in source file top_level.vhd
    Info (12022): Found design unit 1: top_level-STR File: C:/Users/cole/OneDrive/Documents/Sping24/dd/lab5/pong/top_level.vhd Line: 43
    Info (12023): Found entity 1: top_level File: C:/Users/cole/OneDrive/Documents/Sping24/dd/lab5/pong/top_level.vhd Line: 21
Info (12021): Found 1 design units, including 1 entities, in source file de10_lite_golden_top.v
    Info (12023): Found entity 1: DE10_LITE_Golden_Top File: C:/Users/cole/OneDrive/Documents/Sping24/dd/lab5/pong/DE10_LITE_Golden_Top.v Line: 29
Info (12127): Elaborating entity "top_level" for the top level hierarchy
Info (12128): Elaborating entity "vga" for hierarchy "vga:U_VGA" File: C:/Users/cole/OneDrive/Documents/Sping24/dd/lab5/pong/top_level.vhd Line: 53
Warning (10540): VHDL Signal Declaration warning at vga.vhd(94): used explicit default value for signal "x_pos_p2" because signal was never assigned a value File: C:/Users/cole/OneDrive/Documents/Sping24/dd/lab5/pong/vga.vhd Line: 94
Warning (10540): VHDL Signal Declaration warning at vga.vhd(95): used explicit default value for signal "y_pos_p2" because signal was never assigned a value File: C:/Users/cole/OneDrive/Documents/Sping24/dd/lab5/pong/vga.vhd Line: 95
Warning (10492): VHDL Process Statement warning at vga.vhd(129): signal "mov_x" is read inside the Process Statement but isn't in the Process Statement's sensitivity list File: C:/Users/cole/OneDrive/Documents/Sping24/dd/lab5/pong/vga.vhd Line: 129
Warning (10492): VHDL Process Statement warning at vga.vhd(130): signal "mov_y" is read inside the Process Statement but isn't in the Process Statement's sensitivity list File: C:/Users/cole/OneDrive/Documents/Sping24/dd/lab5/pong/vga.vhd Line: 130
Warning (10492): VHDL Process Statement warning at vga.vhd(160): signal "y_pos_p1" is read inside the Process Statement but isn't in the Process Statement's sensitivity list File: C:/Users/cole/OneDrive/Documents/Sping24/dd/lab5/pong/vga.vhd Line: 160
Warning (10492): VHDL Process Statement warning at vga.vhd(161): signal "x_pos_p1" is read inside the Process Statement but isn't in the Process Statement's sensitivity list File: C:/Users/cole/OneDrive/Documents/Sping24/dd/lab5/pong/vga.vhd Line: 161
Info (12128): Elaborating entity "clk_div" for hierarchy "vga:U_VGA|clk_div:clk_div" File: C:/Users/cole/OneDrive/Documents/Sping24/dd/lab5/pong/vga.vhd Line: 101
Info (12128): Elaborating entity "vga_sync_gen" for hierarchy "vga:U_VGA|vga_sync_gen:sync" File: C:/Users/cole/OneDrive/Documents/Sping24/dd/lab5/pong/vga.vhd Line: 113
Info (12128): Elaborating entity "clk_div" for hierarchy "clk_div:U_CLK_DIV" File: C:/Users/cole/OneDrive/Documents/Sping24/dd/lab5/pong/top_level.vhd Line: 67
Info (12128): Elaborating entity "decoder7seg" for hierarchy "decoder7seg:U_LED5" File: C:/Users/cole/OneDrive/Documents/Sping24/dd/lab5/pong/top_level.vhd Line: 77
Warning (13024): Output pins are stuck at VCC or GND
    Warning (13410): Pin "led0[0]" is stuck at GND File: C:/Users/cole/OneDrive/Documents/Sping24/dd/lab5/pong/top_level.vhd Line: 28
    Warning (13410): Pin "led0[1]" is stuck at GND File: C:/Users/cole/OneDrive/Documents/Sping24/dd/lab5/pong/top_level.vhd Line: 28
    Warning (13410): Pin "led0[2]" is stuck at GND File: C:/Users/cole/OneDrive/Documents/Sping24/dd/lab5/pong/top_level.vhd Line: 28
    Warning (13410): Pin "led0[3]" is stuck at GND File: C:/Users/cole/OneDrive/Documents/Sping24/dd/lab5/pong/top_level.vhd Line: 28
    Warning (13410): Pin "led0[4]" is stuck at GND File: C:/Users/cole/OneDrive/Documents/Sping24/dd/lab5/pong/top_level.vhd Line: 28
    Warning (13410): Pin "led0[5]" is stuck at GND File: C:/Users/cole/OneDrive/Documents/Sping24/dd/lab5/pong/top_level.vhd Line: 28
    Warning (13410): Pin "led0[6]" is stuck at VCC File: C:/Users/cole/OneDrive/Documents/Sping24/dd/lab5/pong/top_level.vhd Line: 28
    Warning (13410): Pin "led0_dp" is stuck at VCC File: C:/Users/cole/OneDrive/Documents/Sping24/dd/lab5/pong/top_level.vhd Line: 29
    Warning (13410): Pin "led1[0]" is stuck at GND File: C:/Users/cole/OneDrive/Documents/Sping24/dd/lab5/pong/top_level.vhd Line: 30
    Warning (13410): Pin "led1[1]" is stuck at GND File: C:/Users/cole/OneDrive/Documents/Sping24/dd/lab5/pong/top_level.vhd Line: 30
    Warning (13410): Pin "led1[2]" is stuck at GND File: C:/Users/cole/OneDrive/Documents/Sping24/dd/lab5/pong/top_level.vhd Line: 30
    Warning (13410): Pin "led1[3]" is stuck at GND File: C:/Users/cole/OneDrive/Documents/Sping24/dd/lab5/pong/top_level.vhd Line: 30
    Warning (13410): Pin "led1[4]" is stuck at GND File: C:/Users/cole/OneDrive/Documents/Sping24/dd/lab5/pong/top_level.vhd Line: 30
    Warning (13410): Pin "led1[5]" is stuck at GND File: C:/Users/cole/OneDrive/Documents/Sping24/dd/lab5/pong/top_level.vhd Line: 30
    Warning (13410): Pin "led1[6]" is stuck at VCC File: C:/Users/cole/OneDrive/Documents/Sping24/dd/lab5/pong/top_level.vhd Line: 30
    Warning (13410): Pin "led1_dp" is stuck at VCC File: C:/Users/cole/OneDrive/Documents/Sping24/dd/lab5/pong/top_level.vhd Line: 31
    Warning (13410): Pin "led2[0]" is stuck at GND File: C:/Users/cole/OneDrive/Documents/Sping24/dd/lab5/pong/top_level.vhd Line: 32
    Warning (13410): Pin "led2[1]" is stuck at GND File: C:/Users/cole/OneDrive/Documents/Sping24/dd/lab5/pong/top_level.vhd Line: 32
    Warning (13410): Pin "led2[2]" is stuck at GND File: C:/Users/cole/OneDrive/Documents/Sping24/dd/lab5/pong/top_level.vhd Line: 32
    Warning (13410): Pin "led2[3]" is stuck at GND File: C:/Users/cole/OneDrive/Documents/Sping24/dd/lab5/pong/top_level.vhd Line: 32
    Warning (13410): Pin "led2[4]" is stuck at GND File: C:/Users/cole/OneDrive/Documents/Sping24/dd/lab5/pong/top_level.vhd Line: 32
    Warning (13410): Pin "led2[5]" is stuck at GND File: C:/Users/cole/OneDrive/Documents/Sping24/dd/lab5/pong/top_level.vhd Line: 32
    Warning (13410): Pin "led2[6]" is stuck at VCC File: C:/Users/cole/OneDrive/Documents/Sping24/dd/lab5/pong/top_level.vhd Line: 32
    Warning (13410): Pin "led2_dp" is stuck at VCC File: C:/Users/cole/OneDrive/Documents/Sping24/dd/lab5/pong/top_level.vhd Line: 33
    Warning (13410): Pin "led3[0]" is stuck at GND File: C:/Users/cole/OneDrive/Documents/Sping24/dd/lab5/pong/top_level.vhd Line: 34
    Warning (13410): Pin "led3[1]" is stuck at GND File: C:/Users/cole/OneDrive/Documents/Sping24/dd/lab5/pong/top_level.vhd Line: 34
    Warning (13410): Pin "led3[2]" is stuck at GND File: C:/Users/cole/OneDrive/Documents/Sping24/dd/lab5/pong/top_level.vhd Line: 34
    Warning (13410): Pin "led3[3]" is stuck at GND File: C:/Users/cole/OneDrive/Documents/Sping24/dd/lab5/pong/top_level.vhd Line: 34
    Warning (13410): Pin "led3[4]" is stuck at GND File: C:/Users/cole/OneDrive/Documents/Sping24/dd/lab5/pong/top_level.vhd Line: 34
    Warning (13410): Pin "led3[5]" is stuck at GND File: C:/Users/cole/OneDrive/Documents/Sping24/dd/lab5/pong/top_level.vhd Line: 34
    Warning (13410): Pin "led3[6]" is stuck at VCC File: C:/Users/cole/OneDrive/Documents/Sping24/dd/lab5/pong/top_level.vhd Line: 34
    Warning (13410): Pin "led3_dp" is stuck at VCC File: C:/Users/cole/OneDrive/Documents/Sping24/dd/lab5/pong/top_level.vhd Line: 35
    Warning (13410): Pin "led4[0]" is stuck at GND File: C:/Users/cole/OneDrive/Documents/Sping24/dd/lab5/pong/top_level.vhd Line: 36
    Warning (13410): Pin "led4[1]" is stuck at GND File: C:/Users/cole/OneDrive/Documents/Sping24/dd/lab5/pong/top_level.vhd Line: 36
    Warning (13410): Pin "led4[2]" is stuck at GND File: C:/Users/cole/OneDrive/Documents/Sping24/dd/lab5/pong/top_level.vhd Line: 36
    Warning (13410): Pin "led4[3]" is stuck at GND File: C:/Users/cole/OneDrive/Documents/Sping24/dd/lab5/pong/top_level.vhd Line: 36
    Warning (13410): Pin "led4[4]" is stuck at GND File: C:/Users/cole/OneDrive/Documents/Sping24/dd/lab5/pong/top_level.vhd Line: 36
    Warning (13410): Pin "led4[5]" is stuck at GND File: C:/Users/cole/OneDrive/Documents/Sping24/dd/lab5/pong/top_level.vhd Line: 36
    Warning (13410): Pin "led4[6]" is stuck at VCC File: C:/Users/cole/OneDrive/Documents/Sping24/dd/lab5/pong/top_level.vhd Line: 36
    Warning (13410): Pin "led4_dp" is stuck at VCC File: C:/Users/cole/OneDrive/Documents/Sping24/dd/lab5/pong/top_level.vhd Line: 37
    Warning (13410): Pin "led5[0]" is stuck at GND File: C:/Users/cole/OneDrive/Documents/Sping24/dd/lab5/pong/top_level.vhd Line: 38
    Warning (13410): Pin "led5[1]" is stuck at GND File: C:/Users/cole/OneDrive/Documents/Sping24/dd/lab5/pong/top_level.vhd Line: 38
    Warning (13410): Pin "led5[2]" is stuck at GND File: C:/Users/cole/OneDrive/Documents/Sping24/dd/lab5/pong/top_level.vhd Line: 38
    Warning (13410): Pin "led5[3]" is stuck at GND File: C:/Users/cole/OneDrive/Documents/Sping24/dd/lab5/pong/top_level.vhd Line: 38
    Warning (13410): Pin "led5[4]" is stuck at GND File: C:/Users/cole/OneDrive/Documents/Sping24/dd/lab5/pong/top_level.vhd Line: 38
    Warning (13410): Pin "led5[5]" is stuck at GND File: C:/Users/cole/OneDrive/Documents/Sping24/dd/lab5/pong/top_level.vhd Line: 38
    Warning (13410): Pin "led5[6]" is stuck at VCC File: C:/Users/cole/OneDrive/Documents/Sping24/dd/lab5/pong/top_level.vhd Line: 38
    Warning (13410): Pin "led5_dp" is stuck at VCC File: C:/Users/cole/OneDrive/Documents/Sping24/dd/lab5/pong/top_level.vhd Line: 39
Info (286030): Timing-Driven Synthesis is running
Info (17049): 2 registers lost all their fanouts during netlist optimizations.
Info (16010): Generating hard_block partition "hard_block:auto_generated_inst"
    Info (16011): Adding 0 node(s), including 0 DDIO, 0 PLL, 0 transceiver and 0 LCELL
Warning (21074): Design contains 9 input pin(s) that do not drive logic
    Warning (15610): No output dependent on input pin "switch[2]" File: C:/Users/cole/OneDrive/Documents/Sping24/dd/lab5/pong/top_level.vhd Line: 24
    Warning (15610): No output dependent on input pin "switch[3]" File: C:/Users/cole/OneDrive/Documents/Sping24/dd/lab5/pong/top_level.vhd Line: 24
    Warning (15610): No output dependent on input pin "switch[4]" File: C:/Users/cole/OneDrive/Documents/Sping24/dd/lab5/pong/top_level.vhd Line: 24
    Warning (15610): No output dependent on input pin "switch[5]" File: C:/Users/cole/OneDrive/Documents/Sping24/dd/lab5/pong/top_level.vhd Line: 24
    Warning (15610): No output dependent on input pin "switch[6]" File: C:/Users/cole/OneDrive/Documents/Sping24/dd/lab5/pong/top_level.vhd Line: 24
    Warning (15610): No output dependent on input pin "switch[7]" File: C:/Users/cole/OneDrive/Documents/Sping24/dd/lab5/pong/top_level.vhd Line: 24
    Warning (15610): No output dependent on input pin "switch[8]" File: C:/Users/cole/OneDrive/Documents/Sping24/dd/lab5/pong/top_level.vhd Line: 24
    Warning (15610): No output dependent on input pin "switch[9]" File: C:/Users/cole/OneDrive/Documents/Sping24/dd/lab5/pong/top_level.vhd Line: 24
    Warning (15610): No output dependent on input pin "button_n[1]" File: C:/Users/cole/OneDrive/Documents/Sping24/dd/lab5/pong/top_level.vhd Line: 25
Info (21057): Implemented 579 device resources after synthesis - the final resource count might be different
    Info (21058): Implemented 13 input pins
    Info (21059): Implemented 62 output pins
    Info (21061): Implemented 504 logic cells
Info: Quartus Prime Analysis & Synthesis was successful. 0 errors, 66 warnings
    Info: Peak virtual memory: 4842 megabytes
    Info: Processing ended: Tue Apr  9 16:54:34 2024
    Info: Elapsed time: 00:00:09
    Info: Total CPU time (on all processors): 00:00:13


