------------------------------------------------------------
Timing Analyzer Summary
------------------------------------------------------------

Type  : Slow 1200mV 85C Model Setup 'clk_div:U_CLK_DIV|temp_clk'
Slack : -18.771
TNS   : -323.514

Type  : Slow 1200mV 85C Model Setup 'vga:U_VGA|clk_div:clk_div|temp_clk'
Slack : -11.707
TNS   : -2068.656

Type  : Slow 1200mV 85C Model Setup 'clk50MHz'
Slack : -0.699
TNS   : -0.699

Type  : Slow 1200mV 85C Model Hold 'vga:U_VGA|clk_div:clk_div|temp_clk'
Slack : 0.310
TNS   : 0.000

Type  : Slow 1200mV 85C Model Hold 'clk_div:U_CLK_DIV|temp_clk'
Slack : 0.540
TNS   : 0.000

Type  : Slow 1200mV 85C Model Hold 'clk50MHz'
Slack : 0.639
TNS   : 0.000

Type  : Slow 1200mV 85C Model Minimum Pulse Width 'clk50MHz'
Slack : -3.000
TNS   : -4.222

Type  : Slow 1200mV 85C Model Minimum Pulse Width 'vga:U_VGA|clk_div:clk_div|temp_clk'
Slack : -1.222
TNS   : -305.500

Type  : Slow 1200mV 85C Model Minimum Pulse Width 'clk_div:U_CLK_DIV|temp_clk'
Slack : -1.222
TNS   : -65.988

Type  : Slow 1200mV 0C Model Setup 'clk_div:U_CLK_DIV|temp_clk'
Slack : -16.919
TNS   : -288.362

Type  : Slow 1200mV 0C Model Setup 'vga:U_VGA|clk_div:clk_div|temp_clk'
Slack : -10.527
TNS   : -1859.768

Type  : Slow 1200mV 0C Model Setup 'clk50MHz'
Slack : -0.572
TNS   : -0.572

Type  : Slow 1200mV 0C Model Hold 'vga:U_VGA|clk_div:clk_div|temp_clk'
Slack : 0.281
TNS   : 0.000

Type  : Slow 1200mV 0C Model Hold 'clk_div:U_CLK_DIV|temp_clk'
Slack : 0.499
TNS   : 0.000

Type  : Slow 1200mV 0C Model Hold 'clk50MHz'
Slack : 0.546
TNS   : 0.000

Type  : Slow 1200mV 0C Model Minimum Pulse Width 'clk50MHz'
Slack : -3.000
TNS   : -4.222

Type  : Slow 1200mV 0C Model Minimum Pulse Width 'vga:U_VGA|clk_div:clk_div|temp_clk'
Slack : -1.222
TNS   : -305.500

Type  : Slow 1200mV 0C Model Minimum Pulse Width 'clk_div:U_CLK_DIV|temp_clk'
Slack : -1.222
TNS   : -65.988

Type  : Fast 1200mV 0C Model Setup 'clk_div:U_CLK_DIV|temp_clk'
Slack : -8.349
TNS   : -128.904

Type  : Fast 1200mV 0C Model Setup 'vga:U_VGA|clk_div:clk_div|temp_clk'
Slack : -5.291
TNS   : -882.369

Type  : Fast 1200mV 0C Model Setup 'clk50MHz'
Slack : -0.082
TNS   : -0.082

Type  : Fast 1200mV 0C Model Hold 'vga:U_VGA|clk_div:clk_div|temp_clk'
Slack : 0.141
TNS   : 0.000

Type  : Fast 1200mV 0C Model Hold 'clk_div:U_CLK_DIV|temp_clk'
Slack : 0.245
TNS   : 0.000

Type  : Fast 1200mV 0C Model Hold 'clk50MHz'
Slack : 0.300
TNS   : 0.000

Type  : Fast 1200mV 0C Model Minimum Pulse Width 'clk50MHz'
Slack : -3.000
TNS   : -4.009

Type  : Fast 1200mV 0C Model Minimum Pulse Width 'vga:U_VGA|clk_div:clk_div|temp_clk'
Slack : -1.000
TNS   : -250.000

Type  : Fast 1200mV 0C Model Minimum Pulse Width 'clk_div:U_CLK_DIV|temp_clk'
Slack : -1.000
TNS   : -54.000

------------------------------------------------------------
