------------------------------------------------------------
Timing Analyzer Summary
------------------------------------------------------------

Type  : Slow 1200mV 85C Model Setup 'vga:U_VGA|clk_div:clk_div|temp_clk'
Slack : -10.418
TNS   : -1514.880

Type  : Slow 1200mV 85C Model Setup 'clk_div:U_CLK_DIV|temp_clk'
Slack : -4.104
TNS   : -112.277

Type  : Slow 1200mV 85C Model Setup 'clk50MHz'
Slack : -0.622
TNS   : -0.622

Type  : Slow 1200mV 85C Model Hold 'clk_div:U_CLK_DIV|temp_clk'
Slack : 0.545
TNS   : 0.000

Type  : Slow 1200mV 85C Model Hold 'clk50MHz'
Slack : 0.572
TNS   : 0.000

Type  : Slow 1200mV 85C Model Hold 'vga:U_VGA|clk_div:clk_div|temp_clk'
Slack : 0.957
TNS   : 0.000

Type  : Slow 1200mV 85C Model Minimum Pulse Width 'clk50MHz'
Slack : -3.000
TNS   : -4.222

Type  : Slow 1200mV 85C Model Minimum Pulse Width 'vga:U_VGA|clk_div:clk_div|temp_clk'
Slack : -1.222
TNS   : -227.292

Type  : Slow 1200mV 85C Model Minimum Pulse Width 'clk_div:U_CLK_DIV|temp_clk'
Slack : -1.222
TNS   : -65.988

Type  : Slow 1200mV 0C Model Setup 'vga:U_VGA|clk_div:clk_div|temp_clk'
Slack : -9.397
TNS   : -1357.916

Type  : Slow 1200mV 0C Model Setup 'clk_div:U_CLK_DIV|temp_clk'
Slack : -3.631
TNS   : -97.253

Type  : Slow 1200mV 0C Model Setup 'clk50MHz'
Slack : -0.442
TNS   : -0.442

Type  : Slow 1200mV 0C Model Hold 'clk50MHz'
Slack : 0.427
TNS   : 0.000

Type  : Slow 1200mV 0C Model Hold 'clk_div:U_CLK_DIV|temp_clk'
Slack : 0.500
TNS   : 0.000

Type  : Slow 1200mV 0C Model Hold 'vga:U_VGA|clk_div:clk_div|temp_clk'
Slack : 0.881
TNS   : 0.000

Type  : Slow 1200mV 0C Model Minimum Pulse Width 'clk50MHz'
Slack : -3.000
TNS   : -4.222

Type  : Slow 1200mV 0C Model Minimum Pulse Width 'vga:U_VGA|clk_div:clk_div|temp_clk'
Slack : -1.222
TNS   : -227.292

Type  : Slow 1200mV 0C Model Minimum Pulse Width 'clk_div:U_CLK_DIV|temp_clk'
Slack : -1.222
TNS   : -65.988

Type  : Fast 1200mV 0C Model Setup 'vga:U_VGA|clk_div:clk_div|temp_clk'
Slack : -4.464
TNS   : -636.635

Type  : Fast 1200mV 0C Model Setup 'clk_div:U_CLK_DIV|temp_clk'
Slack : -1.490
TNS   : -29.251

Type  : Fast 1200mV 0C Model Setup 'clk50MHz'
Slack : -0.144
TNS   : -0.144

Type  : Fast 1200mV 0C Model Hold 'clk_div:U_CLK_DIV|temp_clk'
Slack : 0.247
TNS   : 0.000

Type  : Fast 1200mV 0C Model Hold 'clk50MHz'
Slack : 0.355
TNS   : 0.000

Type  : Fast 1200mV 0C Model Hold 'vga:U_VGA|clk_div:clk_div|temp_clk'
Slack : 0.434
TNS   : 0.000

Type  : Fast 1200mV 0C Model Minimum Pulse Width 'clk50MHz'
Slack : -3.000
TNS   : -4.075

Type  : Fast 1200mV 0C Model Minimum Pulse Width 'vga:U_VGA|clk_div:clk_div|temp_clk'
Slack : -1.000
TNS   : -186.000

Type  : Fast 1200mV 0C Model Minimum Pulse Width 'clk_div:U_CLK_DIV|temp_clk'
Slack : -1.000
TNS   : -54.000

------------------------------------------------------------
